../Core/Src/main.c:63:6:vTaskBusyWait	24	static,ignoring_inline_asm
../Core/Src/main.c:69:6:vUARTSendingTask	24	static
../Core/Src/main.c:82:6:vPortYieldTask	24	static,ignoring_inline_asm
../Core/Src/main.c:97:6:vHighPriority	24	static
../Core/Src/main.c:112:6:vLowPriority	24	static
../Core/Src/main.c:131:5:main	64	static
../Core/Src/main.c:255:6:SystemClock_Config	88	static
../Core/Src/main.c:302:13:MX_USART2_UART_Init	8	static
../Core/Src/main.c:335:13:MX_GPIO_Init	16	static
../Core/Src/main.c:358:6:StartDefaultTask	16	static
../Core/Src/main.c:377:6:HAL_TIM_PeriodElapsedCallback	16	static
../Core/Src/main.c:394:6:Error_Handler	4	static,ignoring_inline_asm
